// Jest Snapshot v1, https://goo.gl/fbAQLP

exports[` 1`] = `
<Childform
  data-testid="output"
  handleOnSubmit={[Function]}
  placeholder="Type some letters"
  setState={[Function]}
  state=""
/>
`;
