// Jest Snapshot v1, https://goo.gl/fbAQLP

exports[`renders whole component 1`] = `ShallowWrapper {}`;
